[0.008s][info][gc,init] CardTable entry size: 512
[0.009s][info][gc     ] Using G1
[0.009s][info][gc,init] Version: 21.0.6+7-LTS (release)
[0.009s][info][gc,init] CPUs: 10 total, 10 available
[0.009s][info][gc,init] Memory: 32768M
[0.009s][info][gc,init] Large Page Support: Disabled
[0.009s][info][gc,init] NUMA Support: Disabled
[0.009s][info][gc,init] Compressed Oops: Enabled (Zero based)
[0.009s][info][gc,init] Heap Region Size: 4M
[0.009s][info][gc,init] Heap Min Capacity: 8M
[0.009s][info][gc,init] Heap Initial Capacity: 512M
[0.009s][info][gc,init] Heap Max Capacity: 8G
[0.009s][info][gc,init] Pre-touch: Disabled
[0.009s][info][gc,init] Parallel Workers: 9
[0.009s][info][gc,init] Concurrent Workers: 2
[0.009s][info][gc,init] Concurrent Refinement Workers: 9
[0.009s][info][gc,init] Periodic GC: Disabled
[0.015s][info][gc,metaspace] CDS archive(s) mapped at: [0x0000000500000000-0x0000000500c90000-0x0000000500c90000), size 13172736, SharedBaseAddress: 0x0000000500000000, ArchiveRelocationMode: 1.
[0.015s][info][gc,metaspace] Compressed class space mapped at: 0x0000000501000000-0x0000000541000000, reserved size: 1073741824
[0.015s][info][gc,metaspace] Narrow klass base: 0x0000000500000000, Narrow klass shift: 0, Narrow klass range: 0x100000000
[0.463s][info][gc,start    ] GC(0) Pause Young (Normal) (G1 Evacuation Pause)
[0.465s][info][gc,task     ] GC(0) Using 9 workers of 9 for evacuation
[0.471s][info][gc,phases   ] GC(0)   Pre Evacuate Collection Set: 0.6ms
[0.471s][info][gc,phases   ] GC(0)   Merge Heap Roots: 0.2ms
[0.471s][info][gc,phases   ] GC(0)   Evacuate Collection Set: 3.2ms
[0.471s][info][gc,phases   ] GC(0)   Post Evacuate Collection Set: 1.4ms
[0.471s][info][gc,phases   ] GC(0)   Other: 1.5ms
[0.471s][info][gc,heap     ] GC(0) Eden regions: 6->0(5)
[0.471s][info][gc,heap     ] GC(0) Survivor regions: 0->1(1)
[0.471s][info][gc,heap     ] GC(0) Old regions: 1->2
[0.471s][info][gc,heap     ] GC(0) Humongous regions: 0->0
[0.471s][info][gc,metaspace] GC(0) Metaspace: 7736K(7936K)->7736K(7936K) NonClass: 6813K(6912K)->6813K(6912K) Class: 923K(1024K)->923K(1024K)
[0.471s][info][gc          ] GC(0) Pause Young (Normal) (G1 Evacuation Pause) 25M->6M(516M) 7.236ms
[0.471s][info][gc,cpu      ] GC(0) User=0.01s Sys=0.00s Real=0.01s
[0.688s][info][gc,start    ] GC(1) Pause Young (Normal) (G1 Evacuation Pause)
[0.688s][info][gc,task     ] GC(1) Using 9 workers of 9 for evacuation
[0.692s][info][gc,phases   ] GC(1)   Pre Evacuate Collection Set: 1.4ms
[0.692s][info][gc,phases   ] GC(1)   Merge Heap Roots: 0.1ms
[0.692s][info][gc,phases   ] GC(1)   Evacuate Collection Set: 2.0ms
[0.692s][info][gc,phases   ] GC(1)   Post Evacuate Collection Set: 0.4ms
[0.693s][info][gc,phases   ] GC(1)   Other: 0.4ms
[0.693s][info][gc,heap     ] GC(1) Eden regions: 5->0(13)
[0.693s][info][gc,heap     ] GC(1) Survivor regions: 1->1(1)
[0.693s][info][gc,heap     ] GC(1) Old regions: 2->3
[0.693s][info][gc,heap     ] GC(1) Humongous regions: 0->0
[0.693s][info][gc,metaspace] GC(1) Metaspace: 11584K(11968K)->11584K(11968K) NonClass: 10078K(10304K)->10078K(10304K) Class: 1505K(1664K)->1505K(1664K)
[0.693s][info][gc          ] GC(1) Pause Young (Normal) (G1 Evacuation Pause) 26M->8M(516M) 5.588ms
[0.696s][info][gc,cpu      ] GC(1) User=0.01s Sys=0.00s Real=0.00s
[1.153s][info][gc,start    ] GC(2) Pause Young (Normal) (G1 Evacuation Pause)
[1.153s][info][gc,task     ] GC(2) Using 9 workers of 9 for evacuation
[1.155s][info][gc,phases   ] GC(2)   Pre Evacuate Collection Set: 0.1ms
[1.156s][info][gc,phases   ] GC(2)   Merge Heap Roots: 0.1ms
[1.156s][info][gc,phases   ] GC(2)   Evacuate Collection Set: 2.4ms
[1.156s][info][gc,phases   ] GC(2)   Post Evacuate Collection Set: 0.2ms
[1.156s][info][gc,phases   ] GC(2)   Other: 0.0ms
[1.156s][info][gc,heap     ] GC(2) Eden regions: 14->0(73)
[1.156s][info][gc,heap     ] GC(2) Survivor regions: 1->2(2)
[1.156s][info][gc,heap     ] GC(2) Old regions: 3->3
[1.156s][info][gc,heap     ] GC(2) Humongous regions: 0->0
[1.156s][info][gc,metaspace] GC(2) Metaspace: 20913K(21248K)->20913K(21248K) NonClass: 18235K(18432K)->18235K(18432K) Class: 2678K(2816K)->2678K(2816K)
[1.156s][info][gc          ] GC(2) Pause Young (Normal) (G1 Evacuation Pause) 64M->13M(516M) 2.973ms
[1.156s][info][gc,cpu      ] GC(2) User=0.01s Sys=0.00s Real=0.00s
[1.208s][info][gc,start    ] GC(3) Pause Young (Concurrent Start) (Metadata GC Threshold)
[1.208s][info][gc,task     ] GC(3) Using 9 workers of 9 for evacuation
[1.210s][info][gc,phases   ] GC(3)   Pre Evacuate Collection Set: 0.1ms
[1.210s][info][gc,phases   ] GC(3)   Merge Heap Roots: 0.0ms
[1.210s][info][gc,phases   ] GC(3)   Evacuate Collection Set: 2.1ms
[1.210s][info][gc,phases   ] GC(3)   Post Evacuate Collection Set: 0.2ms
[1.210s][info][gc,phases   ] GC(3)   Other: 0.0ms
[1.210s][info][gc,heap     ] GC(3) Eden regions: 3->0(74)
[1.210s][info][gc,heap     ] GC(3) Survivor regions: 2->2(10)
[1.210s][info][gc,heap     ] GC(3) Old regions: 3->3
[1.210s][info][gc,heap     ] GC(3) Humongous regions: 0->0
[1.210s][info][gc,metaspace] GC(3) Metaspace: 21154K(21504K)->21154K(21504K) NonClass: 18434K(18624K)->18434K(18624K) Class: 2719K(2880K)->2719K(2880K)
[1.210s][info][gc          ] GC(3) Pause Young (Concurrent Start) (Metadata GC Threshold) 21M->14M(516M) 2.619ms
[1.210s][info][gc,cpu      ] GC(3) User=0.01s Sys=0.00s Real=0.00s
[1.210s][info][gc          ] GC(4) Concurrent Mark Cycle
[1.210s][info][gc,marking  ] GC(4) Concurrent Scan Root Regions
[1.212s][info][gc,marking  ] GC(4) Concurrent Scan Root Regions 2.079ms
[1.212s][info][gc,marking  ] GC(4) Concurrent Mark
[1.212s][info][gc,marking  ] GC(4) Concurrent Mark From Roots
[1.212s][info][gc,task     ] GC(4) Using 2 workers of 2 for marking
[1.214s][info][gc,marking  ] GC(4) Concurrent Mark From Roots 1.977ms
[1.214s][info][gc,marking  ] GC(4) Concurrent Preclean
[1.214s][info][gc,marking  ] GC(4) Concurrent Preclean 0.030ms
[1.214s][info][gc,start    ] GC(4) Pause Remark
[1.215s][info][gc          ] GC(4) Pause Remark 17M->17M(68M) 0.981ms
[1.215s][info][gc,cpu      ] GC(4) User=0.01s Sys=0.00s Real=0.00s
[1.216s][info][gc,marking  ] GC(4) Concurrent Mark 3.120ms
[1.216s][info][gc,marking  ] GC(4) Concurrent Rebuild Remembered Sets and Scrub Regions
[1.217s][info][gc,marking  ] GC(4) Concurrent Rebuild Remembered Sets and Scrub Regions 1.021ms
[1.217s][info][gc,start    ] GC(4) Pause Cleanup
[1.217s][info][gc          ] GC(4) Pause Cleanup 17M->17M(68M) 0.053ms
[1.217s][info][gc,cpu      ] GC(4) User=0.00s Sys=0.00s Real=0.00s
[1.217s][info][gc,marking  ] GC(4) Concurrent Clear Claimed Marks
[1.217s][info][gc,marking  ] GC(4) Concurrent Clear Claimed Marks 0.018ms
[1.217s][info][gc,marking  ] GC(4) Concurrent Cleanup for Next Mark
[1.217s][info][gc,marking  ] GC(4) Concurrent Cleanup for Next Mark 0.208ms
[1.217s][info][gc          ] GC(4) Concurrent Mark Cycle 6.688ms
[1.454s][info][gc,start    ] GC(5) Pause Young (Prepare Mixed) (G1 Evacuation Pause)
[1.454s][info][gc,task     ] GC(5) Using 7 workers of 9 for evacuation
[1.457s][info][gc,phases   ] GC(5)   Pre Evacuate Collection Set: 0.0ms
[1.457s][info][gc,phases   ] GC(5)   Merge Heap Roots: 0.0ms
[1.457s][info][gc,phases   ] GC(5)   Evacuate Collection Set: 2.0ms
[1.457s][info][gc,phases   ] GC(5)   Post Evacuate Collection Set: 0.2ms
[1.457s][info][gc,phases   ] GC(5)   Other: 0.0ms
[1.457s][info][gc,heap     ] GC(5) Eden regions: 8->0(8)
[1.457s][info][gc,heap     ] GC(5) Survivor regions: 2->1(2)
[1.457s][info][gc,heap     ] GC(5) Old regions: 3->5
[1.457s][info][gc,heap     ] GC(5) Humongous regions: 0->0
[1.457s][info][gc,metaspace] GC(5) Metaspace: 24039K(24448K)->24039K(24448K) NonClass: 20881K(21120K)->20881K(21120K) Class: 3158K(3328K)->3158K(3328K)
[1.457s][info][gc          ] GC(5) Pause Young (Prepare Mixed) (G1 Evacuation Pause) 46M->15M(68M) 2.447ms
[1.457s][info][gc,cpu      ] GC(5) User=0.01s Sys=0.00s Real=0.00s
[1.698s][info][gc,start    ] GC(6) Pause Young (Mixed) (G1 Evacuation Pause)
[1.698s][info][gc,task     ] GC(6) Using 6 workers of 9 for evacuation
[1.701s][info][gc,phases   ] GC(6)   Pre Evacuate Collection Set: 0.0ms
[1.701s][info][gc,phases   ] GC(6)   Merge Heap Roots: 0.0ms
[1.701s][info][gc,phases   ] GC(6)   Evacuate Collection Set: 2.4ms
[1.701s][info][gc,phases   ] GC(6)   Post Evacuate Collection Set: 0.3ms
[1.701s][info][gc,phases   ] GC(6)   Other: 0.0ms
[1.701s][info][gc,heap     ] GC(6) Eden regions: 8->0(8)
[1.701s][info][gc,heap     ] GC(6) Survivor regions: 1->2(2)
[1.701s][info][gc,heap     ] GC(6) Old regions: 5->4
[1.701s][info][gc,heap     ] GC(6) Humongous regions: 0->0
[1.701s][info][gc,metaspace] GC(6) Metaspace: 29311K(29888K)->29311K(29888K) NonClass: 25406K(25728K)->25406K(25728K) Class: 3905K(4160K)->3905K(4160K)
[1.701s][info][gc          ] GC(6) Pause Young (Mixed) (G1 Evacuation Pause) 47M->17M(68M) 2.956ms
[1.701s][info][gc,cpu      ] GC(6) User=0.01s Sys=0.00s Real=0.00s
[2.060s][info][gc,start    ] GC(7) Pause Young (Concurrent Start) (Metadata GC Threshold)
[2.060s][info][gc,task     ] GC(7) Using 9 workers of 9 for evacuation
[2.063s][info][gc,phases   ] GC(7)   Pre Evacuate Collection Set: 0.1ms
[2.063s][info][gc,phases   ] GC(7)   Merge Heap Roots: 0.0ms
[2.063s][info][gc,phases   ] GC(7)   Evacuate Collection Set: 2.0ms
[2.063s][info][gc,phases   ] GC(7)   Post Evacuate Collection Set: 0.4ms
[2.063s][info][gc,phases   ] GC(7)   Other: 0.1ms
[2.063s][info][gc,heap     ] GC(7) Eden regions: 6->0(41)
[2.063s][info][gc,heap     ] GC(7) Survivor regions: 2->2(2)
[2.063s][info][gc,heap     ] GC(7) Old regions: 4->5
[2.063s][info][gc,heap     ] GC(7) Humongous regions: 0->0
[2.063s][info][gc,metaspace] GC(7) Metaspace: 35447K(35968K)->35447K(35968K) NonClass: 30609K(30912K)->30609K(30912K) Class: 4838K(5056K)->4838K(5056K)
[2.063s][info][gc          ] GC(7) Pause Young (Concurrent Start) (Metadata GC Threshold) 41M->19M(292M) 2.649ms
[2.063s][info][gc,cpu      ] GC(7) User=0.01s Sys=0.00s Real=0.00s
[2.063s][info][gc          ] GC(8) Concurrent Mark Cycle
[2.063s][info][gc,marking  ] GC(8) Concurrent Scan Root Regions
[2.065s][info][gc,marking  ] GC(8) Concurrent Scan Root Regions 2.611ms
[2.065s][info][gc,marking  ] GC(8) Concurrent Mark
[2.065s][info][gc,marking  ] GC(8) Concurrent Mark From Roots
[2.065s][info][gc,task     ] GC(8) Using 2 workers of 2 for marking
[2.070s][info][gc,marking  ] GC(8) Concurrent Mark From Roots 5.032ms
[2.070s][info][gc,marking  ] GC(8) Concurrent Preclean
[2.071s][info][gc,marking  ] GC(8) Concurrent Preclean 0.036ms
[2.071s][info][gc,start    ] GC(8) Pause Remark
[2.072s][info][gc          ] GC(8) Pause Remark 20M->20M(96M) 1.209ms
[2.072s][info][gc,cpu      ] GC(8) User=0.01s Sys=0.00s Real=0.00s
[2.072s][info][gc,marking  ] GC(8) Concurrent Mark 6.408ms
[2.072s][info][gc,marking  ] GC(8) Concurrent Rebuild Remembered Sets and Scrub Regions
[2.075s][info][gc,marking  ] GC(8) Concurrent Rebuild Remembered Sets and Scrub Regions 3.589ms
[2.076s][info][gc,start    ] GC(8) Pause Cleanup
[2.076s][info][gc          ] GC(8) Pause Cleanup 20M->20M(96M) 0.077ms
[2.076s][info][gc,cpu      ] GC(8) User=0.00s Sys=0.01s Real=0.00s
[2.076s][info][gc,marking  ] GC(8) Concurrent Clear Claimed Marks
[2.076s][info][gc,marking  ] GC(8) Concurrent Clear Claimed Marks 0.057ms
[2.076s][info][gc,marking  ] GC(8) Concurrent Cleanup for Next Mark
[2.076s][info][gc,marking  ] GC(8) Concurrent Cleanup for Next Mark 0.159ms
[2.076s][info][gc          ] GC(8) Concurrent Mark Cycle 13.118ms
[5.094s][info][gc,heap,exit] Heap
[5.094s][info][gc,heap,exit]  garbage-first heap   total 98304K, used 59108K [0x0000000600000000, 0x0000000800000000)
[5.094s][info][gc,heap,exit]   region size 4096K, 12 young (49152K), 2 survivors (8192K)
[5.094s][info][gc,heap,exit]  Metaspace       used 44574K, committed 45248K, reserved 1114112K
[5.094s][info][gc,heap,exit]   class space    used 6056K, committed 6336K, reserved 1048576K
