[0.208s][info][gc,init] CardTable entry size: 512
[0.208s][info][gc     ] Using G1
[0.208s][info][gc,init] Version: 21.0.6+7-LTS (release)
[0.208s][info][gc,init] CPUs: 10 total, 10 available
[0.208s][info][gc,init] Memory: 32768M
[0.208s][info][gc,init] Large Page Support: Disabled
[0.208s][info][gc,init] NUMA Support: Disabled
[0.208s][info][gc,init] Compressed Oops: Enabled (Zero based)
[0.208s][info][gc,init] Heap Region Size: 4M
[0.208s][info][gc,init] Heap Min Capacity: 8M
[0.208s][info][gc,init] Heap Initial Capacity: 512M
[0.208s][info][gc,init] Heap Max Capacity: 8G
[0.208s][info][gc,init] Pre-touch: Disabled
[0.208s][info][gc,init] Parallel Workers: 9
[0.208s][info][gc,init] Concurrent Workers: 2
[0.208s][info][gc,init] Concurrent Refinement Workers: 9
[0.208s][info][gc,init] Periodic GC: Disabled
[0.213s][info][gc,metaspace] CDS archive(s) mapped at: [0x000000a000000000-0x000000a000c90000-0x000000a000c90000), size 13172736, SharedBaseAddress: 0x000000a000000000, ArchiveRelocationMode: 1.
[0.213s][info][gc,metaspace] Compressed class space mapped at: 0x000000a001000000-0x000000a041000000, reserved size: 1073741824
[0.213s][info][gc,metaspace] Narrow klass base: 0x000000a000000000, Narrow klass shift: 0, Narrow klass range: 0x100000000
[0.938s][info][gc,start    ] GC(0) Pause Young (Normal) (G1 Evacuation Pause)
[0.938s][info][gc,task     ] GC(0) Using 9 workers of 9 for evacuation
[0.940s][info][gc,phases   ] GC(0)   Pre Evacuate Collection Set: 0.1ms
[0.940s][info][gc,phases   ] GC(0)   Merge Heap Roots: 0.1ms
[0.940s][info][gc,phases   ] GC(0)   Evacuate Collection Set: 1.6ms
[0.940s][info][gc,phases   ] GC(0)   Post Evacuate Collection Set: 0.2ms
[0.940s][info][gc,phases   ] GC(0)   Other: 0.2ms
[0.941s][info][gc,heap     ] GC(0) Eden regions: 6->0(5)
[0.941s][info][gc,heap     ] GC(0) Survivor regions: 0->1(1)
[0.941s][info][gc,heap     ] GC(0) Old regions: 1->2
[0.941s][info][gc,heap     ] GC(0) Humongous regions: 0->0
[0.941s][info][gc,metaspace] GC(0) Metaspace: 8105K(8320K)->8105K(8320K) NonClass: 7202K(7296K)->7202K(7296K) Class: 903K(1024K)->903K(1024K)
[0.941s][info][gc          ] GC(0) Pause Young (Normal) (G1 Evacuation Pause) 25M->6M(516M) 2.331ms
[0.941s][info][gc,cpu      ] GC(0) User=0.00s Sys=0.00s Real=0.00s
[1.085s][info][gc,start    ] GC(1) Pause Young (Normal) (G1 Evacuation Pause)
[1.085s][info][gc,task     ] GC(1) Using 9 workers of 9 for evacuation
[1.087s][info][gc,phases   ] GC(1)   Pre Evacuate Collection Set: 0.1ms
[1.087s][info][gc,phases   ] GC(1)   Merge Heap Roots: 0.0ms
[1.087s][info][gc,phases   ] GC(1)   Evacuate Collection Set: 1.6ms
[1.087s][info][gc,phases   ] GC(1)   Post Evacuate Collection Set: 0.2ms
[1.087s][info][gc,phases   ] GC(1)   Other: 0.0ms
[1.087s][info][gc,heap     ] GC(1) Eden regions: 5->0(19)
[1.087s][info][gc,heap     ] GC(1) Survivor regions: 1->1(1)
[1.087s][info][gc,heap     ] GC(1) Old regions: 2->3
[1.087s][info][gc,heap     ] GC(1) Humongous regions: 0->0
[1.087s][info][gc,metaspace] GC(1) Metaspace: 11646K(11840K)->11646K(11840K) NonClass: 10245K(10368K)->10245K(10368K) Class: 1400K(1472K)->1400K(1472K)
[1.087s][info][gc          ] GC(1) Pause Young (Normal) (G1 Evacuation Pause) 26M->7M(516M) 2.006ms
[1.087s][info][gc,cpu      ] GC(1) User=0.01s Sys=0.01s Real=0.01s
[1.315s][info][gc,start    ] GC(2) Pause Young (Concurrent Start) (Metadata GC Threshold)
[1.315s][info][gc,task     ] GC(2) Using 9 workers of 9 for evacuation
[1.318s][info][gc,phases   ] GC(2)   Pre Evacuate Collection Set: 0.1ms
[1.318s][info][gc,phases   ] GC(2)   Merge Heap Roots: 0.1ms
[1.318s][info][gc,phases   ] GC(2)   Evacuate Collection Set: 1.8ms
[1.318s][info][gc,phases   ] GC(2)   Post Evacuate Collection Set: 0.2ms
[1.318s][info][gc,phases   ] GC(2)   Other: 0.1ms
[1.318s][info][gc,heap     ] GC(2) Eden regions: 12->0(74)
[1.318s][info][gc,heap     ] GC(2) Survivor regions: 1->2(3)
[1.318s][info][gc,heap     ] GC(2) Old regions: 3->3
[1.318s][info][gc,heap     ] GC(2) Humongous regions: 0->0
[1.318s][info][gc,metaspace] GC(2) Metaspace: 21239K(21504K)->21239K(21504K) NonClass: 18599K(18752K)->18599K(18752K) Class: 2640K(2752K)->2640K(2752K)
[1.318s][info][gc          ] GC(2) Pause Young (Concurrent Start) (Metadata GC Threshold) 55M->10M(516M) 2.412ms
[1.318s][info][gc          ] GC(3) Concurrent Mark Cycle
[1.318s][info][gc,cpu      ] GC(2) User=0.01s Sys=0.01s Real=0.01s
[1.318s][info][gc,marking  ] GC(3) Concurrent Scan Root Regions
[1.321s][info][gc,marking  ] GC(3) Concurrent Scan Root Regions 3.060ms
[1.321s][info][gc,marking  ] GC(3) Concurrent Mark
[1.321s][info][gc,marking  ] GC(3) Concurrent Mark From Roots
[1.321s][info][gc,task     ] GC(3) Using 2 workers of 2 for marking
[1.323s][info][gc,marking  ] GC(3) Concurrent Mark From Roots 2.253ms
[1.323s][info][gc,marking  ] GC(3) Concurrent Preclean
[1.323s][info][gc,marking  ] GC(3) Concurrent Preclean 0.023ms
[1.323s][info][gc,start    ] GC(3) Pause Remark
[1.326s][info][gc          ] GC(3) Pause Remark 12M->12M(68M) 2.326ms
[1.326s][info][gc,cpu      ] GC(3) User=0.00s Sys=0.00s Real=0.00s
[1.326s][info][gc,marking  ] GC(3) Concurrent Mark 5.141ms
[1.326s][info][gc,marking  ] GC(3) Concurrent Rebuild Remembered Sets and Scrub Regions
[1.328s][info][gc,marking  ] GC(3) Concurrent Rebuild Remembered Sets and Scrub Regions 1.626ms
[1.328s][info][gc,start    ] GC(3) Pause Cleanup
[1.329s][info][gc          ] GC(3) Pause Cleanup 12M->12M(68M) 0.086ms
[1.329s][info][gc,cpu      ] GC(3) User=0.00s Sys=0.00s Real=0.00s
[1.329s][info][gc,marking  ] GC(3) Concurrent Clear Claimed Marks
[1.329s][info][gc,marking  ] GC(3) Concurrent Clear Claimed Marks 0.041ms
[1.329s][info][gc,marking  ] GC(3) Concurrent Cleanup for Next Mark
[1.329s][info][gc,marking  ] GC(3) Concurrent Cleanup for Next Mark 0.145ms
[1.329s][info][gc          ] GC(3) Concurrent Mark Cycle 11.121ms
[1.691s][info][gc,start    ] GC(4) Pause Young (Prepare Mixed) (G1 Evacuation Pause)
[1.692s][info][gc,task     ] GC(4) Using 7 workers of 9 for evacuation
[1.695s][info][gc,phases   ] GC(4)   Pre Evacuate Collection Set: 0.1ms
[1.695s][info][gc,phases   ] GC(4)   Merge Heap Roots: 0.1ms
[1.695s][info][gc,phases   ] GC(4)   Evacuate Collection Set: 3.2ms
[1.695s][info][gc,phases   ] GC(4)   Post Evacuate Collection Set: 0.3ms
[1.695s][info][gc,phases   ] GC(4)   Other: 0.0ms
[1.695s][info][gc,heap     ] GC(4) Eden regions: 12->0(9)
[1.695s][info][gc,heap     ] GC(4) Survivor regions: 2->2(10)
[1.695s][info][gc,heap     ] GC(4) Old regions: 3->3
[1.695s][info][gc,heap     ] GC(4) Humongous regions: 0->0
[1.695s][info][gc,metaspace] GC(4) Metaspace: 24695K(25024K)->24695K(25024K) NonClass: 21630K(21824K)->21630K(21824K) Class: 3064K(3200K)->3064K(3200K)
[1.695s][info][gc          ] GC(4) Pause Young (Prepare Mixed) (G1 Evacuation Pause) 58M->13M(76M) 3.694ms
[1.695s][info][gc,cpu      ] GC(4) User=0.01s Sys=0.00s Real=0.00s
[1.959s][info][gc,start    ] GC(5) Pause Young (Mixed) (G1 Evacuation Pause)
[1.959s][info][gc,task     ] GC(5) Using 6 workers of 9 for evacuation
[1.962s][info][gc,phases   ] GC(5)   Pre Evacuate Collection Set: 0.0ms
[1.962s][info][gc,phases   ] GC(5)   Merge Heap Roots: 0.0ms
[1.962s][info][gc,phases   ] GC(5)   Evacuate Collection Set: 2.6ms
[1.962s][info][gc,phases   ] GC(5)   Post Evacuate Collection Set: 0.2ms
[1.962s][info][gc,phases   ] GC(5)   Other: 0.0ms
[1.962s][info][gc,heap     ] GC(5) Eden regions: 9->0(9)
[1.962s][info][gc,heap     ] GC(5) Survivor regions: 2->2(2)
[1.962s][info][gc,heap     ] GC(5) Old regions: 3->4
[1.962s][info][gc,heap     ] GC(5) Humongous regions: 0->0
[1.962s][info][gc,metaspace] GC(5) Metaspace: 28359K(28800K)->28359K(28800K) NonClass: 24728K(24960K)->24728K(24960K) Class: 3631K(3840K)->3631K(3840K)
[1.962s][info][gc          ] GC(5) Pause Young (Mixed) (G1 Evacuation Pause) 49M->15M(76M) 2.981ms
[1.962s][info][gc,cpu      ] GC(5) User=0.01s Sys=0.00s Real=0.00s
[2.245s][info][gc,start    ] GC(6) Pause Young (Normal) (G1 Evacuation Pause)
[2.245s][info][gc,task     ] GC(6) Using 9 workers of 9 for evacuation
[2.247s][info][gc,phases   ] GC(6)   Pre Evacuate Collection Set: 0.0ms
[2.247s][info][gc,phases   ] GC(6)   Merge Heap Roots: 0.0ms
[2.248s][info][gc,phases   ] GC(6)   Evacuate Collection Set: 1.8ms
[2.248s][info][gc,phases   ] GC(6)   Post Evacuate Collection Set: 0.3ms
[2.248s][info][gc,phases   ] GC(6)   Other: 0.0ms
[2.248s][info][gc,heap     ] GC(6) Eden regions: 9->0(9)
[2.248s][info][gc,heap     ] GC(6) Survivor regions: 2->2(2)
[2.248s][info][gc,heap     ] GC(6) Old regions: 4->5
[2.248s][info][gc,heap     ] GC(6) Humongous regions: 0->0
[2.248s][info][gc,metaspace] GC(6) Metaspace: 33889K(34368K)->33889K(34368K) NonClass: 29502K(29760K)->29502K(29760K) Class: 4387K(4608K)->4387K(4608K)
[2.248s][info][gc          ] GC(6) Pause Young (Normal) (G1 Evacuation Pause) 51M->18M(76M) 2.317ms
[2.248s][info][gc,cpu      ] GC(6) User=0.01s Sys=0.00s Real=0.01s
[2.358s][info][gc,start    ] GC(7) Pause Young (Concurrent Start) (Metadata GC Threshold)
[2.358s][info][gc,task     ] GC(7) Using 9 workers of 9 for evacuation
[2.360s][info][gc,phases   ] GC(7)   Pre Evacuate Collection Set: 0.1ms
[2.360s][info][gc,phases   ] GC(7)   Merge Heap Roots: 0.0ms
[2.360s][info][gc,phases   ] GC(7)   Evacuate Collection Set: 1.7ms
[2.360s][info][gc,phases   ] GC(7)   Post Evacuate Collection Set: 0.2ms
[2.360s][info][gc,phases   ] GC(7)   Other: 0.1ms
[2.360s][info][gc,heap     ] GC(7) Eden regions: 2->0(10)
[2.360s][info][gc,heap     ] GC(7) Survivor regions: 2->1(2)
[2.360s][info][gc,heap     ] GC(7) Old regions: 5->5
[2.360s][info][gc,heap     ] GC(7) Humongous regions: 0->0
[2.360s][info][gc,metaspace] GC(7) Metaspace: 35758K(36288K)->35758K(36288K) NonClass: 31119K(31360K)->31119K(31360K) Class: 4639K(4928K)->4639K(4928K)
[2.360s][info][gc          ] GC(7) Pause Young (Concurrent Start) (Metadata GC Threshold) 25M->19M(76M) 2.250ms
[2.360s][info][gc          ] GC(8) Concurrent Mark Cycle
[2.360s][info][gc,cpu      ] GC(7) User=0.01s Sys=0.00s Real=0.00s
[2.360s][info][gc,marking  ] GC(8) Concurrent Scan Root Regions
[2.362s][info][gc,marking  ] GC(8) Concurrent Scan Root Regions 1.976ms
[2.362s][info][gc,marking  ] GC(8) Concurrent Mark
[2.362s][info][gc,marking  ] GC(8) Concurrent Mark From Roots
[2.362s][info][gc,task     ] GC(8) Using 2 workers of 2 for marking
[2.368s][info][gc,marking  ] GC(8) Concurrent Mark From Roots 5.876ms
[2.368s][info][gc,marking  ] GC(8) Concurrent Preclean
[2.368s][info][gc,marking  ] GC(8) Concurrent Preclean 0.048ms
[2.368s][info][gc,start    ] GC(8) Pause Remark
[2.370s][info][gc          ] GC(8) Pause Remark 20M->20M(76M) 1.515ms
[2.370s][info][gc,cpu      ] GC(8) User=0.01s Sys=0.01s Real=0.00s
[2.370s][info][gc,marking  ] GC(8) Concurrent Mark 7.642ms
[2.370s][info][gc,marking  ] GC(8) Concurrent Rebuild Remembered Sets and Scrub Regions
[2.374s][info][gc,marking  ] GC(8) Concurrent Rebuild Remembered Sets and Scrub Regions 4.223ms
[2.374s][info][gc,start    ] GC(8) Pause Cleanup
[2.374s][info][gc          ] GC(8) Pause Cleanup 21M->21M(76M) 0.077ms
[2.374s][info][gc,cpu      ] GC(8) User=0.00s Sys=0.00s Real=0.00s
[2.374s][info][gc,marking  ] GC(8) Concurrent Clear Claimed Marks
[2.374s][info][gc,marking  ] GC(8) Concurrent Clear Claimed Marks 0.039ms
[2.374s][info][gc,marking  ] GC(8) Concurrent Cleanup for Next Mark
[2.374s][info][gc,marking  ] GC(8) Concurrent Cleanup for Next Mark 0.087ms
[2.374s][info][gc          ] GC(8) Concurrent Mark Cycle 14.264ms
[2.734s][info][gc,start    ] GC(9) Pause Young (Prepare Mixed) (G1 Evacuation Pause)
[2.734s][info][gc,task     ] GC(9) Using 9 workers of 9 for evacuation
[2.737s][info][gc,phases   ] GC(9)   Pre Evacuate Collection Set: 0.1ms
[2.737s][info][gc,phases   ] GC(9)   Merge Heap Roots: 0.1ms
[2.737s][info][gc,phases   ] GC(9)   Evacuate Collection Set: 2.3ms
[2.737s][info][gc,phases   ] GC(9)   Post Evacuate Collection Set: 0.4ms
[2.737s][info][gc,phases   ] GC(9)   Other: 0.0ms
[2.737s][info][gc,heap     ] GC(9) Eden regions: 10->0(9)
[2.737s][info][gc,heap     ] GC(9) Survivor regions: 1->2(2)
[2.737s][info][gc,heap     ] GC(9) Old regions: 5->5
[2.737s][info][gc,heap     ] GC(9) Humongous regions: 0->0
[2.737s][info][gc,metaspace] GC(9) Metaspace: 44054K(44672K)->44054K(44672K) NonClass: 38228K(38592K)->38228K(38592K) Class: 5825K(6080K)->5825K(6080K)
[2.737s][info][gc          ] GC(9) Pause Young (Prepare Mixed) (G1 Evacuation Pause) 59M->24M(76M) 3.246ms
[2.737s][info][gc,cpu      ] GC(9) User=0.02s Sys=0.00s Real=0.01s
[5.292s][info][gc,heap,exit] Heap
[5.292s][info][gc,heap,exit]  garbage-first heap   total 77824K, used 38910K [0x0000000600000000, 0x0000000800000000)
[5.292s][info][gc,heap,exit]   region size 4096K, 6 young (24576K), 2 survivors (8192K)
[5.292s][info][gc,heap,exit]  Metaspace       used 47597K, committed 48256K, reserved 1114112K
[5.292s][info][gc,heap,exit]   class space    used 6294K, committed 6592K, reserved 1048576K
